
> build
> vite build

[36mvite v8.0.10 [32mbuilding client environment for production...[36m[39m
[2K
transforming...Γ£ô 2246 modules transformed.
rendering chunks...
cmd : [31mΓ£ù[39m Build failed in 1.86s
At line:1 char:1
+ cmd /c npm run build > build_output.txt 2>&1
+ ~~~~~~~~~~~~~~~~~~~~~~~~~~~~~~~~~~~~~~~~~~~~
    + CategoryInfo          : NotSpecified: ([31mΓ£ù[39m Build failed in 1.86s:String) [], RemoteException
    + FullyQualifiedErrorId : NativeCommandError
 
[31merror during build:
[31mBuild failed with 4 errors:

[31m[MISSING_EXPORT] Error:[0m "Facebook" is not exported by "node_modules/lucide-react/dist/esm/lucide-react.mjs".
   [38;5;246mΓò¡[0m[38;5;246mΓöÇ[0m[38;5;246m[[0m resources/js/pages/Landing.jsx:3:121 [38;5;246m][0m
   [38;5;246mΓöé[0m
 [38;5;246m3 Γöé[0m 
[38;5;249mi[0m[38;5;249mm[0m[38;5;249mp[0m[38;5;249mo[0m[38;5;249mr[0m[38;5;249mt[0m[38;5;249m 
[0m[38;5;249m{[0m[38;5;249m [0m[38;5;249mB[0m[38;5;249mo[0m[38;5;249mo[0m[38;5;249mk[0m[38;5;249mO[0m[3
8;5;249mp[0m[38;5;249me[0m[38;5;249mn[0m[38;5;249m,[0m[38;5;249m [0m[38;5;249mS[0m[38;5;249mp[0m[38;5;249
ma[0m[38;5;249mr[0m[38;5;249mk[0m[38;5;249ml[0m[38;5;249me[0m[38;5;249ms[0m[38;5;249m,[0m[38;5;249m [0m
[38;5;249mS[0m[38;5;249mh[0m[38;5;249mi[0m[38;5;249me[0m[38;5;249ml[0m[38;5;249md[0m[38;5;249m,[0m[38;5;2
49m [0m[38;5;249mB[0m[38;5;249ma[0m[38;5;249mr[0m[38;5;249mC[0m[38;5;249mh[0m[38;5;249ma[0m[38;5;249mr[0
m[38;5;249mt[0m[38;5;249m3[0m[38;5;249m,[0m[38;5;249m [0m[38;5;249mA[0m[38;5;249mr[0m[38;5;249mr[0m[38;5
;249mo[0m[38;5;249mw[0m[38;5;249mR[0m[38;5;249mi[0m[38;5;249mg[0m[38;5;249mh[0m[38;5;249mt[0m[38;5;249m,
[0m[38;5;249m [0m[38;5;249mC[0m[38;5;249mh[0m[38;5;249me[0m[38;5;249mc[0m[38;5;249mk[0m[38;5;249mC[0m[38
;5;249mi[0m[38;5;249mr[0m[38;5;249mc[0m[38;5;249ml[0m[38;5;249me[0m[38;5;249m2[0m[38;5;249m,[0m[38;5;249m
 [0m[38;5;249mC[0m[38;5;249mh[0m[38;5;249me[0m[38;5;249mv[0m[38;5;249mr[0m[38;5;249mo[0m[38;5;249mn[0m[
38;5;249mR[0m[38;5;249mi[0m[38;5;249mg[0m[38;5;249mh[0m[38;5;249mt[0m[38;5;249m,[0m[38;5;249m 
[0m[38;5;249mG[0m[38;5;249ml[0m[38;5;249mo[0m[38;5;249mb[0m[38;5;249me[0m[38;5;249m,[0m[38;5;249m [0m[3
8;5;249mL[0m[38;5;249ma[0m[38;5;249my[0m[38;5;249mo[0m[38;5;249mu[0m[38;5;249mt[0m[38;5;249m,[0m[38;5;249
m [0m[38;5;249mZ[0m[38;5;249ma[0m[38;5;249mp[0m[38;5;249m,[0m[38;5;249m [0m[38;5;249mS[0m[38;5;249mm[0m
[38;5;249ma[0m[38;5;249mr[0m[38;5;249mt[0m[38;5;249mp[0m[38;5;249mh[0m[38;5;249mo[0m[38;5;249mn[0m[38;5;2
49me[0m[38;5;249m,[0m[38;5;249m [0mFacebook[38;5;249m,[0m[38;5;249m [0m[38;5;249mT[0m[38;5;249mw[0m[38;5;
249mi[0m[38;5;249mt[0m[38;5;249mt[0m[38;5;249me[0m[38;5;249mr[0m[38;5;249m,[0m[38;5;249m [0m[38;5;249mI[
0m[38;5;249mn[0m[38;5;249ms[0m[38;5;249mt[0m[38;5;249ma[0m[38;5;249mg[0m[38;5;249mr[0m[38;5;249ma[0m[38;
5;249mm[0m[38;5;249m,[0m[38;5;249m [0m[38;5;249mL[0m[38;5;249mi[0m[38;5;249mn[0m[38;5;249mk[0m[38;5;249me
[0m[38;5;249md[0m[38;5;249mi[0m[38;5;249mn[0m[38;5;249m,[0m[38;5;249m 
[0m[38;5;249mM[0m[38;5;249ma[0m[38;5;249mi[0m[38;5;249ml[0m[38;5;249m,[0m[38;5;249m [0m[38;5;249mM[0m[3
8;5;249ma[0m[38;5;249mp[0m[38;5;249mP[0m[38;5;249mi[0m[38;5;249mn[0m[38;5;249m,[0m[38;5;249m 
[0m[38;5;249mP[0m[38;5;249mh[0m[38;5;249mo[0m[38;5;249mn[0m[38;5;249me[0m[38;5;249m,[0m[38;5;249m 
[0m[38;5;249mM[0m[38;5;249mo[0m[38;5;249mo[0m[38;5;249mn[0m[38;5;249m,[0m[38;5;249m 
[0m[38;5;249mS[0m[38;5;249mu[0m[38;5;249mn[0m[38;5;249m,[0m[38;5;249m 
[0m[38;5;249mM[0m[38;5;249me[0m[38;5;249mn[0m[38;5;249mu[0m[38;5;249m,[0m[38;5;249m 
[0m[38;5;249mX[0m[38;5;249m [0m[38;5;249m}[0m[38;5;249m 
[0m[38;5;249mf[0m[38;5;249mr[0m[38;5;249mo[0m[38;5;249mm[0m[38;5;249m [0m[38;5;249m"[0m[38;5;249ml[0m[3
8;5;249mu[0m[38;5;249mc[0m[38;5;249mi[0m[38;5;249md[0m[38;5;249me[0m[38;5;249m-[0m[38;5;249mr[0m[38;5;249
me[0m[38;5;249ma[0m[38;5;249mc[0m[38;5;249mt[0m[38;5;249m"[0m[38;5;249m;[0m
 [38;5;240m  Γöé[0m                                                                                                  
                       ΓöÇΓöÇΓöÇΓöÇΓö¼ΓöÇΓöÇΓöÇ  
 [38;5;240m  Γöé[0m                                                                                                  
                           Γò░ΓöÇΓöÇΓöÇΓöÇΓöÇ Missing export
[38;5;246mΓöÇΓöÇΓöÇΓò»[0m

[31m[MISSING_EXPORT] Error:[0m "Twitter" is not exported by "node_modules/lucide-react/dist/esm/lucide-react.mjs".
   [38;5;246mΓò¡[0m[38;5;246mΓöÇ[0m[38;5;246m[[0m resources/js/pages/Landing.jsx:3:131 [38;5;246m][0m
   [38;5;246mΓöé[0m
 [38;5;246m3 Γöé[0m 
[38;5;249mi[0m[38;5;249mm[0m[38;5;249mp[0m[38;5;249mo[0m[38;5;249mr[0m[38;5;249mt[0m[38;5;249m 
[0m[38;5;249m{[0m[38;5;249m [0m[38;5;249mB[0m[38;5;249mo[0m[38;5;249mo[0m[38;5;249mk[0m[38;5;249mO[0m[3
8;5;249mp[0m[38;5;249me[0m[38;5;249mn[0m[38;5;249m,[0m[38;5;249m [0m[38;5;249mS[0m[38;5;249mp[0m[38;5;249
ma[0m[38;5;249mr[0m[38;5;249mk[0m[38;5;249ml[0m[38;5;249me[0m[38;5;249ms[0m[38;5;249m,[0m[38;5;249m [0m
[38;5;249mS[0m[38;5;249mh[0m[38;5;249mi[0m[38;5;249me[0m[38;5;249ml[0m[38;5;249md[0m[38;5;249m,[0m[38;5;2
49m [0m[38;5;249mB[0m[38;5;249ma[0m[38;5;249mr[0m[38;5;249mC[0m[38;5;249mh[0m[38;5;249ma[0m[38;5;249mr[0
m[38;5;249mt[0m[38;5;249m3[0m[38;5;249m,[0m[38;5;249m [0m[38;5;249mA[0m[38;5;249mr[0m[38;5;249mr[0m[38;5
;249mo[0m[38;5;249mw[0m[38;5;249mR[0m[38;5;249mi[0m[38;5;249mg[0m[38;5;249mh[0m[38;5;249mt[0m[38;5;249m,
[0m[38;5;249m [0m[38;5;249mC[0m[38;5;249mh[0m[38;5;249me[0m[38;5;249mc[0m[38;5;249mk[0m[38;5;249mC[0m[38
;5;249mi[0m[38;5;249mr[0m[38;5;249mc[0m[38;5;249ml[0m[38;5;249me[0m[38;5;249m2[0m[38;5;249m,[0m[38;5;249m
 [0m[38;5;249mC[0m[38;5;249mh[0m[38;5;249me[0m[38;5;249mv[0m[38;5;249mr[0m[38;5;249mo[0m[38;5;249mn[0m[
38;5;249mR[0m[38;5;249mi[0m[38;5;249mg[0m[38;5;249mh[0m[38;5;249mt[0m[38;5;249m,[0m[38;5;249m 
[0m[38;5;249mG[0m[38;5;249ml[0m[38;5;249mo[0m[38;5;249mb[0m[38;5;249me[0m[38;5;249m,[0m[38;5;249m [0m[3
8;5;249mL[0m[38;5;249ma[0m[38;5;249my[0m[38;5;249mo[0m[38;5;249mu[0m[38;5;249mt[0m[38;5;249m,[0m[38;5;249
m [0m[38;5;249mZ[0m[38;5;249ma[0m[38;5;249mp[0m[38;5;249m,[0m[38;5;249m [0m[38;5;249mS[0m[38;5;249mm[0m
[38;5;249ma[0m[38;5;249mr[0m[38;5;249mt[0m[38;5;249mp[0m[38;5;249mh[0m[38;5;249mo[0m[38;5;249mn[0m[38;5;2
49me[0m[38;5;249m,[0m[38;5;249m [0m[38;5;249mF[0m[38;5;249ma[0m[38;5;249mc[0m[38;5;249me[0m[38;5;249mb[0
m[38;5;249mo[0m[38;5;249mo[0m[38;5;249mk[0m[38;5;249m,[0m[38;5;249m [0mTwitter[38;5;249m,[0m[38;5;249m [0
m[38;5;249mI[0m[38;5;249mn[0m[38;5;249ms[0m[38;5;249mt[0m[38;5;249ma[0m[38;5;249mg[0m[38;5;249mr[0m[38;5
;249ma[0m[38;5;249mm[0m[38;5;249m,[0m[38;5;249m [0m[38;5;249mL[0m[38;5;249mi[0m[38;5;249mn[0m[38;5;249mk
[0m[38;5;249me[0m[38;5;249md[0m[38;5;249mi[0m[38;5;249mn[0m[38;5;249m,[0m[38;5;249m 
[0m[38;5;249mM[0m[38;5;249ma[0m[38;5;249mi[0m[38;5;249ml[0m[38;5;249m,[0m[38;5;249m [0m[38;5;249mM[0m[3
8;5;249ma[0m[38;5;249mp[0m[38;5;249mP[0m[38;5;249mi[0m[38;5;249mn[0m[38;5;249m,[0m[38;5;249m 
[0m[38;5;249mP[0m[38;5;249mh[0m[38;5;249mo[0m[38;5;249mn[0m[38;5;249me[0m[38;5;249m,[0m[38;5;249m 
[0m[38;5;249mM[0m[38;5;249mo[0m[38;5;249mo[0m[38;5;249mn[0m[38;5;249m,[0m[38;5;249m 
[0m[38;5;249mS[0m[38;5;249mu[0m[38;5;249mn[0m[38;5;249m,[0m[38;5;249m 
[0m[38;5;249mM[0m[38;5;249me[0m[38;5;249mn[0m[38;5;249mu[0m[38;5;249m,[0m[38;5;249m 
[0m[38;5;249mX[0m[38;5;249m [0m[38;5;249m}[0m[38;5;249m 
[0m[38;5;249mf[0m[38;5;249mr[0m[38;5;249mo[0m[38;5;249mm[0m[38;5;249m [0m[38;5;249m"[0m[38;5;249ml[0m[3
8;5;249mu[0m[38;5;249mc[0m[38;5;249mi[0m[38;5;249md[0m[38;5;249me[0m[38;5;249m-[0m[38;5;249mr[0m[38;5;249
me[0m[38;5;249ma[0m[38;5;249mc[0m[38;5;249mt[0m[38;5;249m"[0m[38;5;249m;[0m
 [38;5;240m  Γöé[0m                                                                                                  
                                 ΓöÇΓöÇΓöÇΓö¼ΓöÇΓöÇΓöÇ  
 [38;5;240m  Γöé[0m                                                                                                  
                                    Γò░ΓöÇΓöÇΓöÇΓöÇΓöÇ Missing export
[38;5;246mΓöÇΓöÇΓöÇΓò»[0m

[31m[MISSING_EXPORT] Error:[0m "Instagram" is not exported by "node_modules/lucide-react/dist/esm/lucide-react.mjs".
   [38;5;246mΓò¡[0m[38;5;246mΓöÇ[0m[38;5;246m[[0m resources/js/pages/Landing.jsx:3:140 [38;5;246m][0m
   [38;5;246mΓöé[0m
 [38;5;246m3 Γöé[0m 
[38;5;249mi[0m[38;5;249mm[0m[38;5;249mp[0m[38;5;249mo[0m[38;5;249mr[0m[38;5;249mt[0m[38;5;249m 
[0m[38;5;249m{[0m[38;5;249m [0m[38;5;249mB[0m[38;5;249mo[0m[38;5;249mo[0m[38;5;249mk[0m[38;5;249mO[0m[3
8;5;249mp[0m[38;5;249me[0m[38;5;249mn[0m[38;5;249m,[0m[38;5;249m [0m[38;5;249mS[0m[38;5;249mp[0m[38;5;249
ma[0m[38;5;249mr[0m[38;5;249mk[0m[38;5;249ml[0m[38;5;249me[0m[38;5;249ms[0m[38;5;249m,[0m[38;5;249m [0m
[38;5;249mS[0m[38;5;249mh[0m[38;5;249mi[0m[38;5;249me[0m[38;5;249ml[0m[38;5;249md[0m[38;5;249m,[0m[38;5;2
49m [0m[38;5;249mB[0m[38;5;249ma[0m[38;5;249mr[0m[38;5;249mC[0m[38;5;249mh[0m[38;5;249ma[0m[38;5;249mr[0
m[38;5;249mt[0m[38;5;249m3[0m[38;5;249m,[0m[38;5;249m [0m[38;5;249mA[0m[38;5;249mr[0m[38;5;249mr[0m[38;5
;249mo[0m[38;5;249mw[0m[38;5;249mR[0m[38;5;249mi[0m[38;5;249mg[0m[38;5;249mh[0m[38;5;249mt[0m[38;5;249m,
[0m[38;5;249m [0m[38;5;249mC[0m[38;5;249mh[0m[38;5;249me[0m[38;5;249mc[0m[38;5;249mk[0m[38;5;249mC[0m[38
;5;249mi[0m[38;5;249mr[0m[38;5;249mc[0m[38;5;249ml[0m[38;5;249me[0m[38;5;249m2[0m[38;5;249m,[0m[38;5;249m
 [0m[38;5;249mC[0m[38;5;249mh[0m[38;5;249me[0m[38;5;249mv[0m[38;5;249mr[0m[38;5;249mo[0m[38;5;249mn[0m[
38;5;249mR[0m[38;5;249mi[0m[38;5;249mg[0m[38;5;249mh[0m[38;5;249mt[0m[38;5;249m,[0m[38;5;249m 
[0m[38;5;249mG[0m[38;5;249ml[0m[38;5;249mo[0m[38;5;249mb[0m[38;5;249me[0m[38;5;249m,[0m[38;5;249m [0m[3
8;5;249mL[0m[38;5;249ma[0m[38;5;249my[0m[38;5;249mo[0m[38;5;249mu[0m[38;5;249mt[0m[38;5;249m,[0m[38;5;249
m [0m[38;5;249mZ[0m[38;5;249ma[0m[38;5;249mp[0m[38;5;249m,[0m[38;5;249m [0m[38;5;249mS[0m[38;5;249mm[0m
[38;5;249ma[0m[38;5;249mr[0m[38;5;249mt[0m[38;5;249mp[0m[38;5;249mh[0m[38;5;249mo[0m[38;5;249mn[0m[38;5;2
49me[0m[38;5;249m,[0m[38;5;249m [0m[38;5;249mF[0m[38;5;249ma[0m[38;5;249mc[0m[38;5;249me[0m[38;5;249mb[0
m[38;5;249mo[0m[38;5;249mo[0m[38;5;249mk[0m[38;5;249m,[0m[38;5;249m [0m[38;5;249mT[0m[38;5;249mw[0m[38;5
;249mi[0m[38;5;249mt[0m[38;5;249mt[0m[38;5;249me[0m[38;5;249mr[0m[38;5;249m,[0m[38;5;249m 
[0mInstagram[38;5;249m,[0m[38;5;249m [0m[38;5;249mL[0m[38;5;249mi[0m[38;5;249mn[0m[38;5;249mk[0m[38;5;249
me[0m[38;5;249md[0m[38;5;249mi[0m[38;5;249mn[0m[38;5;249m,[0m[38;5;249m 
[0m[38;5;249mM[0m[38;5;249ma[0m[38;5;249mi[0m[38;5;249ml[0m[38;5;249m,[0m[38;5;249m [0m[38;5;249mM[0m[3
8;5;249ma[0m[38;5;249mp[0m[38;5;249mP[0m[38;5;249mi[0m[38;5;249mn[0m[38;5;249m,[0m[38;5;249m 
[0m[38;5;249mP[0m[38;5;249mh[0m[38;5;249mo[0m[38;5;249mn[0m[38;5;249me[0m[38;5;249m,[0m[38;5;249m 
[0m[38;5;249mM[0m[38;5;249mo[0m[38;5;249mo[0m[38;5;249mn[0m[38;5;249m,[0m[38;5;249m 
[0m[38;5;249mS[0m[38;5;249mu[0m[38;5;249mn[0m[38;5;249m,[0m[38;5;249m 
[0m[38;5;249mM[0m[38;5;249me[0m[38;5;249mn[0m[38;5;249mu[0m[38;5;249m,[0m[38;5;249m 
[0m[38;5;249mX[0m[38;5;249m [0m[38;5;249m}[0m[38;5;249m 
[0m[38;5;249mf[0m[38;5;249mr[0m[38;5;249mo[0m[38;5;249mm[0m[38;5;249m [0m[38;5;249m"[0m[38;5;249ml[0m[3
8;5;249mu[0m[38;5;249mc[0m[38;5;249mi[0m[38;5;249md[0m[38;5;249me[0m[38;5;249m-[0m[38;5;249mr[0m[38;5;249
me[0m[38;5;249ma[0m[38;5;249mc[0m[38;5;249mt[0m[38;5;249m"[0m[38;5;249m;[0m
 [38;5;240m  Γöé[0m                                                                                                  
                                          ΓöÇΓöÇΓöÇΓöÇΓö¼ΓöÇΓöÇΓöÇΓöÇ  
 [38;5;240m  Γöé[0m                                                                                                  
                                              Γò░ΓöÇΓöÇΓöÇΓöÇΓöÇΓöÇ Missing export
[38;5;246mΓöÇΓöÇΓöÇΓò»[0m

[31m[MISSING_EXPORT] Error:[0m "Linkedin" is not exported by "node_modules/lucide-react/dist/esm/lucide-react.mjs".
   [38;5;246mΓò¡[0m[38;5;246mΓöÇ[0m[38;5;246m[[0m resources/js/pages/Landing.jsx:3:151 [38;5;246m][0m
   [38;5;246mΓöé[0m
 [38;5;246m3 Γöé[0m 
[38;5;249mi[0m[38;5;249mm[0m[38;5;249mp[0m[38;5;249mo[0m[38;5;249mr[0m[38;5;249mt[0m[38;5;249m 
[0m[38;5;249m{[0m[38;5;249m [0m[38;5;249mB[0m[38;5;249mo[0m[38;5;249mo[0m[38;5;249mk[0m[38;5;249mO[0m[3
8;5;249mp[0m[38;5;249me[0m[38;5;249mn[0m[38;5;249m,[0m[38;5;249m [0m[38;5;249mS[0m[38;5;249mp[0m[38;5;249
ma[0m[38;5;249mr[0m[38;5;249mk[0m[38;5;249ml[0m[38;5;249me[0m[38;5;249ms[0m[38;5;249m,[0m[38;5;249m [0m
[38;5;249mS[0m[38;5;249mh[0m[38;5;249mi[0m[38;5;249me[0m[38;5;249ml[0m[38;5;249md[0m[38;5;249m,[0m[38;5;2
49m [0m[38;5;249mB[0m[38;5;249ma[0m[38;5;249mr[0m[38;5;249mC[0m[38;5;249mh[0m[38;5;249ma[0m[38;5;249mr[0
m[38;5;249mt[0m[38;5;249m3[0m[38;5;249m,[0m[38;5;249m [0m[38;5;249mA[0m[38;5;249mr[0m[38;5;249mr[0m[38;5
;249mo[0m[38;5;249mw[0m[38;5;249mR[0m[38;5;249mi[0m[38;5;249mg[0m[38;5;249mh[0m[38;5;249mt[0m[38;5;249m,
[0m[38;5;249m [0m[38;5;249mC[0m[38;5;249mh[0m[38;5;249me[0m[38;5;249mc[0m[38;5;249mk[0m[38;5;249mC[0m[38
;5;249mi[0m[38;5;249mr[0m[38;5;249mc[0m[38;5;249ml[0m[38;5;249me[0m[38;5;249m2[0m[38;5;249m,[0m[38;5;249m
 [0m[38;5;249mC[0m[38;5;249mh[0m[38;5;249me[0m[38;5;249mv[0m[38;5;249mr[0m[38;5;249mo[0m[38;5;249mn[0m[
38;5;249mR[0m[38;5;249mi[0m[38;5;249mg[0m[38;5;249mh[0m[38;5;249mt[0m[38;5;249m,[0m[38;5;249m 
[0m[38;5;249mG[0m[38;5;249ml[0m[38;5;249mo[0m[38;5;249mb[0m[38;5;249me[0m[38;5;249m,[0m[38;5;249m [0m[3
8;5;249mL[0m[38;5;249ma[0m[38;5;249my[0m[38;5;249mo[0m[38;5;249mu[0m[38;5;249mt[0m[38;5;249m,[0m[38;5;249
m [0m[38;5;249mZ[0m[38;5;249ma[0m[38;5;249mp[0m[38;5;249m,[0m[38;5;249m [0m[38;5;249mS[0m[38;5;249mm[0m
[38;5;249ma[0m[38;5;249mr[0m[38;5;249mt[0m[38;5;249mp[0m[38;5;249mh[0m[38;5;249mo[0m[38;5;249mn[0m[38;5;2
49me[0m[38;5;249m,[0m[38;5;249m [0m[38;5;249mF[0m[38;5;249ma[0m[38;5;249mc[0m[38;5;249me[0m[38;5;249mb[0
m[38;5;249mo[0m[38;5;249mo[0m[38;5;249mk[0m[38;5;249m,[0m[38;5;249m [0m[38;5;249mT[0m[38;5;249mw[0m[38;5
;249mi[0m[38;5;249mt[0m[38;5;249mt[0m[38;5;249me[0m[38;5;249mr[0m[38;5;249m,[0m[38;5;249m [0m[38;5;249mI
[0m[38;5;249mn[0m[38;5;249ms[0m[38;5;249mt[0m[38;5;249ma[0m[38;5;249mg[0m[38;5;249mr[0m[38;5;249ma[0m[38
;5;249mm[0m[38;5;249m,[0m[38;5;249m [0mLinkedin[38;5;249m,[0m[38;5;249m 
[0m[38;5;249mM[0m[38;5;249ma[0m[38;5;249mi[0m[38;5;249ml[0m[38;5;249m,[0m[38;5;249m [0m[38;5;249mM[0m[3
8;5;249ma[0m[38;5;249mp[0m[38;5;249mP[0m[38;5;249mi[0m[38;5;249mn[0m[38;5;249m,[0m[38;5;249m 
[0m[38;5;249mP[0m[38;5;249mh[0m[38;5;249mo[0m[38;5;249mn[0m[38;5;249me[0m[38;5;249m,[0m[38;5;249m 
[0m[38;5;249mM[0m[38;5;249mo[0m[38;5;249mo[0m[38;5;249mn[0m[38;5;249m,[0m[38;5;249m 
[0m[38;5;249mS[0m[38;5;249mu[0m[38;5;249mn[0m[38;5;249m,[0m[38;5;249m 
[0m[38;5;249mM[0m[38;5;249me[0m[38;5;249mn[0m[38;5;249mu[0m[38;5;249m,[0m[38;5;249m 
[0m[38;5;249mX[0m[38;5;249m [0m[38;5;249m}[0m[38;5;249m 
[0m[38;5;249mf[0m[38;5;249mr[0m[38;5;249mo[0m[38;5;249mm[0m[38;5;249m [0m[38;5;249m"[0m[38;5;249ml[0m[3
8;5;249mu[0m[38;5;249mc[0m[38;5;249mi[0m[38;5;249md[0m[38;5;249me[0m[38;5;249m-[0m[38;5;249mr[0m[38;5;249
me[0m[38;5;249ma[0m[38;5;249mc[0m[38;5;249mt[0m[38;5;249m"[0m[38;5;249m;[0m
 [38;5;240m  Γöé[0m                                                                                                  
                                                     ΓöÇΓöÇΓöÇΓöÇΓö¼ΓöÇΓöÇΓöÇ  
 [38;5;240m  Γöé[0m                                                                                                  
                                                         Γò░ΓöÇΓöÇΓöÇΓöÇΓöÇ Missing export
[38;5;246mΓöÇΓöÇΓöÇΓò»[0m
[31m
    at aggregateBindingErrorsIntoJsError 
(file:///C:/laragon/www/CASPER_Smart_Library/node_modules/rolldown/dist/shared/error-DL-e8-oE.mjs:48:18)
    at unwrapBindingResult 
(file:///C:/laragon/www/CASPER_Smart_Library/node_modules/rolldown/dist/shared/error-DL-e8-oE.mjs:18:128)
    at #build 
(file:///C:/laragon/www/CASPER_Smart_Library/node_modules/rolldown/dist/shared/rolldown-build-DSxL8qiP.mjs:3317:34)
    at async buildEnvironment 
(file:///C:/laragon/www/CASPER_Smart_Library/node_modules/vite/dist/node/chunks/node.js:33018:64)
    at async Object.build 
(file:///C:/laragon/www/CASPER_Smart_Library/node_modules/vite/dist/node/chunks/node.js:33440:19)
    at async Object.buildApp 
(file:///C:/laragon/www/CASPER_Smart_Library/node_modules/vite/dist/node/chunks/node.js:33437:153)
    at async CAC.<anonymous> (file:///C:/laragon/www/CASPER_Smart_Library/node_modules/vite/dist/node/cli.js:778:3) {
  errors: [Getter/Setter]
}[39m
